------------------------------------------------------------
TimeQuest Timing Analyzer Summary
------------------------------------------------------------

Type  : Slow Model Setup 'clock48MHz'
Slack : -16.532
TNS   : -223.927

Type  : Slow Model Setup 'clock'
Slack : -16.119
TNS   : -13963.034

Type  : Slow Model Hold 'clock48MHz'
Slack : 0.391
TNS   : 0.000

Type  : Slow Model Hold 'clock'
Slack : 1.192
TNS   : 0.000

Type  : Slow Model Minimum Pulse Width 'clock'
Slack : -2.000
TNS   : -1374.916

Type  : Slow Model Minimum Pulse Width 'clock48MHz'
Slack : -1.380
TNS   : -61.380

Type  : Fast Model Setup 'clock48MHz'
Slack : -7.415
TNS   : -75.434

Type  : Fast Model Setup 'clock'
Slack : -7.239
TNS   : -6447.284

Type  : Fast Model Hold 'clock48MHz'
Slack : 0.215
TNS   : 0.000

Type  : Fast Model Hold 'clock'
Slack : 0.524
TNS   : 0.000

Type  : Fast Model Minimum Pulse Width 'clock'
Slack : -2.000
TNS   : -1374.916

Type  : Fast Model Minimum Pulse Width 'clock48MHz'
Slack : -1.380
TNS   : -61.380

------------------------------------------------------------
