Analysis & Synthesis report for Exp02
Wed May 03 19:59:04 2017
Quartus II 32-bit Version 12.1 Build 177 11/07/2012 SJ Web Edition


---------------------
; Table of Contents ;
---------------------
  1. Legal Notice
  2. Analysis & Synthesis Summary
  3. Analysis & Synthesis Settings
  4. Parallel Compilation
  5. Analysis & Synthesis Source Files Read
  6. Analysis & Synthesis Resource Usage Summary
  7. Analysis & Synthesis Resource Utilization by Entity
  8. Analysis & Synthesis RAM Summary
  9. State Machine - |Exp03|LCD_Display:lcd|next_command
 10. State Machine - |Exp03|LCD_Display:lcd|state
 11. Registers Removed During Synthesis
 12. General Register Statistics
 13. Multiplexer Restructuring Statistics (Restructuring Performed)
 14. Source assignments for Ifetch:IFT|altsyncram:data_memory|altsyncram_tin3:auto_generated
 15. Source assignments for dmemory:DMEM|altsyncram:data_memory|altsyncram_gmp3:auto_generated
 16. Parameter Settings for User Entity Instance: LCD_Display:lcd
 17. Parameter Settings for User Entity Instance: Ifetch:IFT|altsyncram:data_memory
 18. Parameter Settings for User Entity Instance: dmemory:DMEM|altsyncram:data_memory
 19. altsyncram Parameter Settings by Entity Instance
 20. Port Connectivity Checks: "LCD_Display:lcd"
 21. Elapsed Time Per Partition
 22. Analysis & Synthesis Messages



----------------
; Legal Notice ;
----------------
Copyright (C) 1991-2012 Altera Corporation
Your use of Altera Corporation's design tools, logic functions 
and other software and tools, and its AMPP partner logic 
functions, and any output files from any of the foregoing 
(including device programming or simulation files), and any 
associated documentation or information are expressly subject 
to the terms and conditions of the Altera Program License 
Subscription Agreement, Altera MegaCore Function License 
Agreement, or other applicable license agreement, including, 
without limitation, that your use is for the sole purpose of 
programming logic devices manufactured by Altera and sold by 
Altera or its authorized distributors.  Please refer to the 
applicable agreement for further details.



+-------------------------------------------------------------------------------+
; Analysis & Synthesis Summary                                                  ;
+------------------------------------+------------------------------------------+
; Analysis & Synthesis Status        ; Successful - Wed May 03 19:59:04 2017    ;
; Quartus II 32-bit Version          ; 12.1 Build 177 11/07/2012 SJ Web Edition ;
; Revision Name                      ; Exp02                                    ;
; Top-level Entity Name              ; Exp03                                    ;
; Family                             ; Cyclone II                               ;
; Total logic elements               ; 2,634                                    ;
;     Total combinational functions  ; 1,679                                    ;
;     Dedicated logic registers      ; 1,060                                    ;
; Total registers                    ; 1060                                     ;
; Total pins                         ; 16                                       ;
; Total virtual pins                 ; 0                                        ;
; Total memory bits                  ; 16,384                                   ;
; Embedded Multiplier 9-bit elements ; 0                                        ;
; Total PLLs                         ; 0                                        ;
+------------------------------------+------------------------------------------+


+----------------------------------------------------------------------------------------------------------------------+
; Analysis & Synthesis Settings                                                                                        ;
+----------------------------------------------------------------------------+--------------------+--------------------+
; Option                                                                     ; Setting            ; Default Value      ;
+----------------------------------------------------------------------------+--------------------+--------------------+
; Device                                                                     ; EP2C35F672C6       ;                    ;
; Top-level entity name                                                      ; Exp03              ; Exp02              ;
; Family name                                                                ; Cyclone II         ; Cyclone IV GX      ;
; Use smart compilation                                                      ; Off                ; Off                ;
; Enable parallel Assembler and TimeQuest Timing Analyzer during compilation ; On                 ; On                 ;
; Enable compact report table                                                ; Off                ; Off                ;
; Restructure Multiplexers                                                   ; Auto               ; Auto               ;
; Create Debugging Nodes for IP Cores                                        ; Off                ; Off                ;
; Preserve fewer node names                                                  ; On                 ; On                 ;
; Disable OpenCore Plus hardware evaluation                                  ; Off                ; Off                ;
; Verilog Version                                                            ; Verilog_2001       ; Verilog_2001       ;
; VHDL Version                                                               ; VHDL_1993          ; VHDL_1993          ;
; State Machine Processing                                                   ; Auto               ; Auto               ;
; Safe State Machine                                                         ; Off                ; Off                ;
; Extract Verilog State Machines                                             ; On                 ; On                 ;
; Extract VHDL State Machines                                                ; On                 ; On                 ;
; Ignore Verilog initial constructs                                          ; Off                ; Off                ;
; Iteration limit for constant Verilog loops                                 ; 5000               ; 5000               ;
; Iteration limit for non-constant Verilog loops                             ; 250                ; 250                ;
; Add Pass-Through Logic to Inferred RAMs                                    ; On                 ; On                 ;
; Infer RAMs from Raw Logic                                                  ; On                 ; On                 ;
; Parallel Synthesis                                                         ; On                 ; On                 ;
; DSP Block Balancing                                                        ; Auto               ; Auto               ;
; NOT Gate Push-Back                                                         ; On                 ; On                 ;
; Power-Up Don't Care                                                        ; On                 ; On                 ;
; Remove Redundant Logic Cells                                               ; Off                ; Off                ;
; Remove Duplicate Registers                                                 ; On                 ; On                 ;
; Ignore CARRY Buffers                                                       ; Off                ; Off                ;
; Ignore CASCADE Buffers                                                     ; Off                ; Off                ;
; Ignore GLOBAL Buffers                                                      ; Off                ; Off                ;
; Ignore ROW GLOBAL Buffers                                                  ; Off                ; Off                ;
; Ignore LCELL Buffers                                                       ; Off                ; Off                ;
; Ignore SOFT Buffers                                                        ; On                 ; On                 ;
; Limit AHDL Integers to 32 Bits                                             ; Off                ; Off                ;
; Optimization Technique                                                     ; Balanced           ; Balanced           ;
; Carry Chain Length                                                         ; 70                 ; 70                 ;
; Auto Carry Chains                                                          ; On                 ; On                 ;
; Auto Open-Drain Pins                                                       ; On                 ; On                 ;
; Perform WYSIWYG Primitive Resynthesis                                      ; Off                ; Off                ;
; Auto ROM Replacement                                                       ; On                 ; On                 ;
; Auto RAM Replacement                                                       ; On                 ; On                 ;
; Auto Shift Register Replacement                                            ; Auto               ; Auto               ;
; Allow Shift Register Merging across Hierarchies                            ; Auto               ; Auto               ;
; Auto Clock Enable Replacement                                              ; On                 ; On                 ;
; Strict RAM Replacement                                                     ; Off                ; Off                ;
; Allow Synchronous Control Signals                                          ; On                 ; On                 ;
; Force Use of Synchronous Clear Signals                                     ; Off                ; Off                ;
; Auto RAM to Logic Cell Conversion                                          ; Off                ; Off                ;
; Auto Resource Sharing                                                      ; Off                ; Off                ;
; Allow Any RAM Size For Recognition                                         ; Off                ; Off                ;
; Allow Any ROM Size For Recognition                                         ; Off                ; Off                ;
; Allow Any Shift Register Size For Recognition                              ; Off                ; Off                ;
; Use LogicLock Constraints during Resource Balancing                        ; On                 ; On                 ;
; Ignore translate_off and synthesis_off directives                          ; Off                ; Off                ;
; Timing-Driven Synthesis                                                    ; Off                ; Off                ;
; Report Parameter Settings                                                  ; On                 ; On                 ;
; Report Source Assignments                                                  ; On                 ; On                 ;
; Report Connectivity Checks                                                 ; On                 ; On                 ;
; Ignore Maximum Fan-Out Assignments                                         ; Off                ; Off                ;
; Synchronization Register Chain Length                                      ; 2                  ; 2                  ;
; PowerPlay Power Optimization                                               ; Normal compilation ; Normal compilation ;
; HDL message level                                                          ; Level2             ; Level2             ;
; Suppress Register Optimization Related Messages                            ; Off                ; Off                ;
; Number of Removed Registers Reported in Synthesis Report                   ; 5000               ; 5000               ;
; Number of Swept Nodes Reported in Synthesis Report                         ; 5000               ; 5000               ;
; Number of Inverted Registers Reported in Synthesis Report                  ; 100                ; 100                ;
; Clock MUX Protection                                                       ; On                 ; On                 ;
; Auto Gated Clock Conversion                                                ; Off                ; Off                ;
; Block Design Naming                                                        ; Auto               ; Auto               ;
; SDC constraint protection                                                  ; Off                ; Off                ;
; Synthesis Effort                                                           ; Auto               ; Auto               ;
; Shift Register Replacement - Allow Asynchronous Clear Signal               ; On                 ; On                 ;
; Pre-Mapping Resynthesis Optimization                                       ; Off                ; Off                ;
; Analysis & Synthesis Message Level                                         ; Medium             ; Medium             ;
; Disable Register Merging Across Hierarchies                                ; Auto               ; Auto               ;
; Resource Aware Inference For Block RAM                                     ; On                 ; On                 ;
; Synthesis Seed                                                             ; 1                  ; 1                  ;
+----------------------------------------------------------------------------+--------------------+--------------------+


Parallel compilation was disabled, but you have multiple processors available. Enable parallel compilation to reduce compilation time.
+-------------------------------------+
; Parallel Compilation                ;
+----------------------------+--------+
; Processors                 ; Number ;
+----------------------------+--------+
; Number detected on machine ; 8      ;
; Maximum allowed            ; 1      ;
+----------------------------+--------+


+---------------------------------------------------------------------------------------------------------------------------------------------------------------------------------+
; Analysis & Synthesis Source Files Read                                                                                                                                          ;
+----------------------------------+-----------------+----------------------------------+-------------------------------------------------------------------------------+---------+
; File Name with User-Entered Path ; Used in Netlist ; File Type                        ; File Name with Absolute Path                                                  ; Library ;
+----------------------------------+-----------------+----------------------------------+-------------------------------------------------------------------------------+---------+
; DMEMORY.MIF                      ; yes             ; User Memory Initialization File  ; C:/Users/Gabriel/Documents/BCC3/LabArq/Exp03/DMEMORY.MIF                      ;         ;
; DMEMORY.VHD                      ; yes             ; User VHDL File                   ; C:/Users/Gabriel/Documents/BCC3/LabArq/Exp03/DMEMORY.VHD                      ;         ;
; program.mif                      ; yes             ; User Memory Initialization File  ; C:/Users/Gabriel/Documents/BCC3/LabArq/Exp03/program.mif                      ;         ;
; LCD_Display.vhd                  ; yes             ; User VHDL File                   ; C:/Users/Gabriel/Documents/BCC3/LabArq/Exp03/LCD_Display.vhd                  ;         ;
; Ifetch.vhd                       ; yes             ; User VHDL File                   ; C:/Users/Gabriel/Documents/BCC3/LabArq/Exp03/Ifetch.vhd                       ;         ;
; Idecode.vhd                      ; yes             ; User VHDL File                   ; C:/Users/Gabriel/Documents/BCC3/LabArq/Exp03/Idecode.vhd                      ;         ;
; Control.VHD                      ; yes             ; User VHDL File                   ; C:/Users/Gabriel/Documents/BCC3/LabArq/Exp03/Control.VHD                      ;         ;
; Execute.vhd                      ; yes             ; User VHDL File                   ; C:/Users/Gabriel/Documents/BCC3/LabArq/Exp03/Execute.vhd                      ;         ;
; Exp03.vhd                        ; yes             ; User VHDL File                   ; C:/Users/Gabriel/Documents/BCC3/LabArq/Exp03/Exp03.vhd                        ;         ;
; altsyncram.tdf                   ; yes             ; Megafunction                     ; d:/programs/altera/12.1/quartus/libraries/megafunctions/altsyncram.tdf        ;         ;
; stratix_ram_block.inc            ; yes             ; Megafunction                     ; d:/programs/altera/12.1/quartus/libraries/megafunctions/stratix_ram_block.inc ;         ;
; lpm_mux.inc                      ; yes             ; Megafunction                     ; d:/programs/altera/12.1/quartus/libraries/megafunctions/lpm_mux.inc           ;         ;
; lpm_decode.inc                   ; yes             ; Megafunction                     ; d:/programs/altera/12.1/quartus/libraries/megafunctions/lpm_decode.inc        ;         ;
; aglobal121.inc                   ; yes             ; Megafunction                     ; d:/programs/altera/12.1/quartus/libraries/megafunctions/aglobal121.inc        ;         ;
; a_rdenreg.inc                    ; yes             ; Megafunction                     ; d:/programs/altera/12.1/quartus/libraries/megafunctions/a_rdenreg.inc         ;         ;
; altrom.inc                       ; yes             ; Megafunction                     ; d:/programs/altera/12.1/quartus/libraries/megafunctions/altrom.inc            ;         ;
; altram.inc                       ; yes             ; Megafunction                     ; d:/programs/altera/12.1/quartus/libraries/megafunctions/altram.inc            ;         ;
; altdpram.inc                     ; yes             ; Megafunction                     ; d:/programs/altera/12.1/quartus/libraries/megafunctions/altdpram.inc          ;         ;
; db/altsyncram_tin3.tdf           ; yes             ; Auto-Generated Megafunction      ; C:/Users/Gabriel/Documents/BCC3/LabArq/Exp03/db/altsyncram_tin3.tdf           ;         ;
; db/altsyncram_gmp3.tdf           ; yes             ; Auto-Generated Megafunction      ; C:/Users/Gabriel/Documents/BCC3/LabArq/Exp03/db/altsyncram_gmp3.tdf           ;         ;
+----------------------------------+-----------------+----------------------------------+-------------------------------------------------------------------------------+---------+


+-----------------------------------------------------+
; Analysis & Synthesis Resource Usage Summary         ;
+---------------------------------------------+-------+
; Resource                                    ; Usage ;
+---------------------------------------------+-------+
; Estimated Total logic elements              ; 2,634 ;
;                                             ;       ;
; Total combinational functions               ; 1679  ;
; Logic element usage by number of LUT inputs ;       ;
;     -- 4 input functions                    ; 1494  ;
;     -- 3 input functions                    ; 114   ;
;     -- <=2 input functions                  ; 71    ;
;                                             ;       ;
; Logic elements by mode                      ;       ;
;     -- normal mode                          ; 1618  ;
;     -- arithmetic mode                      ; 61    ;
;                                             ;       ;
; Total registers                             ; 1060  ;
;     -- Dedicated logic registers            ; 1060  ;
;     -- I/O registers                        ; 0     ;
;                                             ;       ;
; I/O pins                                    ; 16    ;
; Total memory bits                           ; 16384 ;
; Embedded Multiplier 9-bit elements          ; 0     ;
; Maximum fan-out                             ; 1064  ;
; Total fan-out                               ; 10320 ;
; Average fan-out                             ; 3.66  ;
+---------------------------------------------+-------+


+--------------------------------------------------------------------------------------------------------------------------------------------------------------------------------------------------------------------------------------------------+
; Analysis & Synthesis Resource Utilization by Entity                                                                                                                                                                                              ;
+-------------------------------------------+-------------------+--------------+-------------+--------------+---------+-----------+------+--------------+---------------------------------------------------------------------------+--------------+
; Compilation Hierarchy Node                ; LC Combinationals ; LC Registers ; Memory Bits ; DSP Elements ; DSP 9x9 ; DSP 18x18 ; Pins ; Virtual Pins ; Full Hierarchy Name                                                       ; Library Name ;
+-------------------------------------------+-------------------+--------------+-------------+--------------+---------+-----------+------+--------------+---------------------------------------------------------------------------+--------------+
; |Exp03                                    ; 1679 (0)          ; 1060 (0)     ; 16384       ; 0            ; 0       ; 0         ; 16   ; 0            ; |Exp03                                                                    ;              ;
;    |Execute:EXE|                          ; 72 (72)           ; 0 (0)        ; 0           ; 0            ; 0       ; 0         ; 0    ; 0            ; |Exp03|Execute:EXE                                                        ;              ;
;    |Idecode:IDEC|                         ; 1435 (1435)       ; 992 (992)    ; 0           ; 0            ; 0       ; 0         ; 0    ; 0            ; |Exp03|Idecode:IDEC                                                       ;              ;
;    |Ifetch:IFT|                           ; 16 (16)           ; 8 (8)        ; 8192        ; 0            ; 0       ; 0         ; 0    ; 0            ; |Exp03|Ifetch:IFT                                                         ;              ;
;       |altsyncram:data_memory|            ; 0 (0)             ; 0 (0)        ; 8192        ; 0            ; 0       ; 0         ; 0    ; 0            ; |Exp03|Ifetch:IFT|altsyncram:data_memory                                  ;              ;
;          |altsyncram_tin3:auto_generated| ; 0 (0)             ; 0 (0)        ; 8192        ; 0            ; 0       ; 0         ; 0    ; 0            ; |Exp03|Ifetch:IFT|altsyncram:data_memory|altsyncram_tin3:auto_generated   ;              ;
;    |LCD_Display:lcd|                      ; 149 (149)         ; 60 (60)      ; 0           ; 0            ; 0       ; 0         ; 0    ; 0            ; |Exp03|LCD_Display:lcd                                                    ;              ;
;    |control:CTR|                          ; 7 (7)             ; 0 (0)        ; 0           ; 0            ; 0       ; 0         ; 0    ; 0            ; |Exp03|control:CTR                                                        ;              ;
;    |dmemory:DMEM|                         ; 0 (0)             ; 0 (0)        ; 8192        ; 0            ; 0       ; 0         ; 0    ; 0            ; |Exp03|dmemory:DMEM                                                       ;              ;
;       |altsyncram:data_memory|            ; 0 (0)             ; 0 (0)        ; 8192        ; 0            ; 0       ; 0         ; 0    ; 0            ; |Exp03|dmemory:DMEM|altsyncram:data_memory                                ;              ;
;          |altsyncram_gmp3:auto_generated| ; 0 (0)             ; 0 (0)        ; 8192        ; 0            ; 0       ; 0         ; 0    ; 0            ; |Exp03|dmemory:DMEM|altsyncram:data_memory|altsyncram_gmp3:auto_generated ;              ;
+-------------------------------------------+-------------------+--------------+-------------+--------------+---------+-----------+------+--------------+---------------------------------------------------------------------------+--------------+
Note: For table entries with two numbers listed, the numbers in parentheses indicate the number of resources of the given type used by the specific entity alone. The numbers listed outside of parentheses indicate the total resources of the given type used by the specific entity and all of its sub-entities in the hierarchy.


+-------------------------------------------------------------------------------------------------------------------------------------------------------------------------------------+
; Analysis & Synthesis RAM Summary                                                                                                                                                    ;
+-------------------------------------------------------------------------------+------+-------------+--------------+--------------+--------------+--------------+------+-------------+
; Name                                                                          ; Type ; Mode        ; Port A Depth ; Port A Width ; Port B Depth ; Port B Width ; Size ; MIF         ;
+-------------------------------------------------------------------------------+------+-------------+--------------+--------------+--------------+--------------+------+-------------+
; Ifetch:IFT|altsyncram:data_memory|altsyncram_tin3:auto_generated|ALTSYNCRAM   ; AUTO ; ROM         ; 256          ; 32           ; --           ; --           ; 8192 ; program.mif ;
; dmemory:DMEM|altsyncram:data_memory|altsyncram_gmp3:auto_generated|ALTSYNCRAM ; AUTO ; Single Port ; 256          ; 32           ; --           ; --           ; 8192 ; dmemory.mif ;
+-------------------------------------------------------------------------------+------+-------------+--------------+--------------+--------------+--------------+------+-------------+


Encoding Type:  One-Hot
+----------------------------------------------------------------------------------------------------------------------------------------------------------------------------------------------------------------------------------------------------------------------------------------------------------------------------------------------------------+
; State Machine - |Exp03|LCD_Display:lcd|next_command                                                                                                                                                                                                                                                                                                      ;
+----------------------------+----------------------------+--------------------------+---------------------+-------------------+---------------------+-------------------------+--------------------------+--------------------+---------------------------+-----------------------+-------------------------+-----------------------+---------------------+
; Name                       ; next_command.DISPLAY_CLEAR ; next_command.DISPLAY_OFF ; next_command.RESET3 ; next_command.HOLD ; next_command.RESET1 ; next_command.DROP_LCD_E ; next_command.RETURN_HOME ; next_command.LINE2 ; next_command.Print_String ; next_command.MODE_SET ; next_command.DISPLAY_ON ; next_command.FUNC_SET ; next_command.RESET2 ;
+----------------------------+----------------------------+--------------------------+---------------------+-------------------+---------------------+-------------------------+--------------------------+--------------------+---------------------------+-----------------------+-------------------------+-----------------------+---------------------+
; next_command.RESET2        ; 0                          ; 0                        ; 0                   ; 0                 ; 0                   ; 0                       ; 0                        ; 0                  ; 0                         ; 0                     ; 0                       ; 0                     ; 0                   ;
; next_command.FUNC_SET      ; 0                          ; 0                        ; 0                   ; 0                 ; 0                   ; 0                       ; 0                        ; 0                  ; 0                         ; 0                     ; 0                       ; 1                     ; 1                   ;
; next_command.DISPLAY_ON    ; 0                          ; 0                        ; 0                   ; 0                 ; 0                   ; 0                       ; 0                        ; 0                  ; 0                         ; 0                     ; 1                       ; 0                     ; 1                   ;
; next_command.MODE_SET      ; 0                          ; 0                        ; 0                   ; 0                 ; 0                   ; 0                       ; 0                        ; 0                  ; 0                         ; 1                     ; 0                       ; 0                     ; 1                   ;
; next_command.Print_String  ; 0                          ; 0                        ; 0                   ; 0                 ; 0                   ; 0                       ; 0                        ; 0                  ; 1                         ; 0                     ; 0                       ; 0                     ; 1                   ;
; next_command.LINE2         ; 0                          ; 0                        ; 0                   ; 0                 ; 0                   ; 0                       ; 0                        ; 1                  ; 0                         ; 0                     ; 0                       ; 0                     ; 1                   ;
; next_command.RETURN_HOME   ; 0                          ; 0                        ; 0                   ; 0                 ; 0                   ; 0                       ; 1                        ; 0                  ; 0                         ; 0                     ; 0                       ; 0                     ; 1                   ;
; next_command.DROP_LCD_E    ; 0                          ; 0                        ; 0                   ; 0                 ; 0                   ; 1                       ; 0                        ; 0                  ; 0                         ; 0                     ; 0                       ; 0                     ; 1                   ;
; next_command.RESET1        ; 0                          ; 0                        ; 0                   ; 0                 ; 1                   ; 0                       ; 0                        ; 0                  ; 0                         ; 0                     ; 0                       ; 0                     ; 1                   ;
; next_command.HOLD          ; 0                          ; 0                        ; 0                   ; 1                 ; 0                   ; 0                       ; 0                        ; 0                  ; 0                         ; 0                     ; 0                       ; 0                     ; 1                   ;
; next_command.RESET3        ; 0                          ; 0                        ; 1                   ; 0                 ; 0                   ; 0                       ; 0                        ; 0                  ; 0                         ; 0                     ; 0                       ; 0                     ; 1                   ;
; next_command.DISPLAY_OFF   ; 0                          ; 1                        ; 0                   ; 0                 ; 0                   ; 0                       ; 0                        ; 0                  ; 0                         ; 0                     ; 0                       ; 0                     ; 1                   ;
; next_command.DISPLAY_CLEAR ; 1                          ; 0                        ; 0                   ; 0                 ; 0                   ; 0                       ; 0                        ; 0                  ; 0                         ; 0                     ; 0                       ; 0                     ; 1                   ;
+----------------------------+----------------------------+--------------------------+---------------------+-------------------+---------------------+-------------------------+--------------------------+--------------------+---------------------------+-----------------------+-------------------------+-----------------------+---------------------+


Encoding Type:  One-Hot
+--------------------------------------------------------------------------------------------------------------------------------------------------------------------------------------------------------------------------------------------------------+
; State Machine - |Exp03|LCD_Display:lcd|state                                                                                                                                                                                                           ;
+---------------------+---------------------+-------------------+--------------+--------------+------------+------------------+-------------------+-------------+--------------------+----------------+------------------+----------------+--------------+
; Name                ; state.DISPLAY_CLEAR ; state.DISPLAY_OFF ; state.RESET3 ; state.RESET2 ; state.HOLD ; state.DROP_LCD_E ; state.RETURN_HOME ; state.LINE2 ; state.Print_String ; state.MODE_SET ; state.DISPLAY_ON ; state.FUNC_SET ; state.RESET1 ;
+---------------------+---------------------+-------------------+--------------+--------------+------------+------------------+-------------------+-------------+--------------------+----------------+------------------+----------------+--------------+
; state.RESET1        ; 0                   ; 0                 ; 0            ; 0            ; 0          ; 0                ; 0                 ; 0           ; 0                  ; 0              ; 0                ; 0              ; 0            ;
; state.FUNC_SET      ; 0                   ; 0                 ; 0            ; 0            ; 0          ; 0                ; 0                 ; 0           ; 0                  ; 0              ; 0                ; 1              ; 1            ;
; state.DISPLAY_ON    ; 0                   ; 0                 ; 0            ; 0            ; 0          ; 0                ; 0                 ; 0           ; 0                  ; 0              ; 1                ; 0              ; 1            ;
; state.MODE_SET      ; 0                   ; 0                 ; 0            ; 0            ; 0          ; 0                ; 0                 ; 0           ; 0                  ; 1              ; 0                ; 0              ; 1            ;
; state.Print_String  ; 0                   ; 0                 ; 0            ; 0            ; 0          ; 0                ; 0                 ; 0           ; 1                  ; 0              ; 0                ; 0              ; 1            ;
; state.LINE2         ; 0                   ; 0                 ; 0            ; 0            ; 0          ; 0                ; 0                 ; 1           ; 0                  ; 0              ; 0                ; 0              ; 1            ;
; state.RETURN_HOME   ; 0                   ; 0                 ; 0            ; 0            ; 0          ; 0                ; 1                 ; 0           ; 0                  ; 0              ; 0                ; 0              ; 1            ;
; state.DROP_LCD_E    ; 0                   ; 0                 ; 0            ; 0            ; 0          ; 1                ; 0                 ; 0           ; 0                  ; 0              ; 0                ; 0              ; 1            ;
; state.HOLD          ; 0                   ; 0                 ; 0            ; 0            ; 1          ; 0                ; 0                 ; 0           ; 0                  ; 0              ; 0                ; 0              ; 1            ;
; state.RESET2        ; 0                   ; 0                 ; 0            ; 1            ; 0          ; 0                ; 0                 ; 0           ; 0                  ; 0              ; 0                ; 0              ; 1            ;
; state.RESET3        ; 0                   ; 0                 ; 1            ; 0            ; 0          ; 0                ; 0                 ; 0           ; 0                  ; 0              ; 0                ; 0              ; 1            ;
; state.DISPLAY_OFF   ; 0                   ; 1                 ; 0            ; 0            ; 0          ; 0                ; 0                 ; 0           ; 0                  ; 0              ; 0                ; 0              ; 1            ;
; state.DISPLAY_CLEAR ; 1                   ; 0                 ; 0            ; 0            ; 0          ; 0                ; 0                 ; 0           ; 0                  ; 0              ; 0                ; 0              ; 1            ;
+---------------------+---------------------+-------------------+--------------+--------------+------------+------------------+-------------------+-------------+--------------------+----------------+------------------+----------------+--------------+


+-----------------------------------------------------------------------------------------------+
; Registers Removed During Synthesis                                                            ;
+-----------------------------------------+-----------------------------------------------------+
; Register name                           ; Reason for Removal                                  ;
+-----------------------------------------+-----------------------------------------------------+
; Idecode:IDEC|reg_bank[0][31]            ; Stuck at GND due to stuck port data_in              ;
; Idecode:IDEC|reg_bank[0][30]            ; Stuck at GND due to stuck port data_in              ;
; Idecode:IDEC|reg_bank[0][29]            ; Stuck at GND due to stuck port data_in              ;
; Idecode:IDEC|reg_bank[0][28]            ; Stuck at GND due to stuck port data_in              ;
; Idecode:IDEC|reg_bank[0][27]            ; Stuck at GND due to stuck port data_in              ;
; Idecode:IDEC|reg_bank[0][26]            ; Stuck at GND due to stuck port data_in              ;
; Idecode:IDEC|reg_bank[0][25]            ; Stuck at GND due to stuck port data_in              ;
; Idecode:IDEC|reg_bank[0][24]            ; Stuck at GND due to stuck port data_in              ;
; Idecode:IDEC|reg_bank[0][23]            ; Stuck at GND due to stuck port data_in              ;
; Idecode:IDEC|reg_bank[0][22]            ; Stuck at GND due to stuck port data_in              ;
; Idecode:IDEC|reg_bank[0][21]            ; Stuck at GND due to stuck port data_in              ;
; Idecode:IDEC|reg_bank[0][20]            ; Stuck at GND due to stuck port data_in              ;
; Idecode:IDEC|reg_bank[0][19]            ; Stuck at GND due to stuck port data_in              ;
; Idecode:IDEC|reg_bank[0][18]            ; Stuck at GND due to stuck port data_in              ;
; Idecode:IDEC|reg_bank[0][17]            ; Stuck at GND due to stuck port data_in              ;
; Idecode:IDEC|reg_bank[0][16]            ; Stuck at GND due to stuck port data_in              ;
; Idecode:IDEC|reg_bank[0][15]            ; Stuck at GND due to stuck port data_in              ;
; Idecode:IDEC|reg_bank[0][14]            ; Stuck at GND due to stuck port data_in              ;
; Idecode:IDEC|reg_bank[0][13]            ; Stuck at GND due to stuck port data_in              ;
; Idecode:IDEC|reg_bank[0][12]            ; Stuck at GND due to stuck port data_in              ;
; Idecode:IDEC|reg_bank[0][11]            ; Stuck at GND due to stuck port data_in              ;
; Idecode:IDEC|reg_bank[0][10]            ; Stuck at GND due to stuck port data_in              ;
; Idecode:IDEC|reg_bank[0][9]             ; Stuck at GND due to stuck port data_in              ;
; Idecode:IDEC|reg_bank[0][8]             ; Stuck at GND due to stuck port data_in              ;
; Idecode:IDEC|reg_bank[0][7]             ; Stuck at GND due to stuck port data_in              ;
; Idecode:IDEC|reg_bank[0][6]             ; Stuck at GND due to stuck port data_in              ;
; Idecode:IDEC|reg_bank[0][5]             ; Stuck at GND due to stuck port data_in              ;
; Idecode:IDEC|reg_bank[0][4]             ; Stuck at GND due to stuck port data_in              ;
; Idecode:IDEC|reg_bank[0][3]             ; Stuck at GND due to stuck port data_in              ;
; Idecode:IDEC|reg_bank[0][2]             ; Stuck at GND due to stuck port data_in              ;
; Idecode:IDEC|reg_bank[0][1]             ; Stuck at GND due to stuck port data_in              ;
; Idecode:IDEC|reg_bank[0][0]             ; Stuck at GND due to stuck port data_in              ;
; LCD_Display:lcd|next_command.HOLD       ; Merged with LCD_Display:lcd|next_command.DROP_LCD_E ;
; LCD_Display:lcd|next_command.RESET1     ; Merged with LCD_Display:lcd|next_command.DROP_LCD_E ;
; LCD_Display:lcd|next_command.DROP_LCD_E ; Stuck at GND due to stuck port data_in              ;
; Total Number of Removed Registers = 35  ;                                                     ;
+-----------------------------------------+-----------------------------------------------------+


+------------------------------------------------------+
; General Register Statistics                          ;
+----------------------------------------------+-------+
; Statistic                                    ; Value ;
+----------------------------------------------+-------+
; Total registers                              ; 1060  ;
; Number of registers using Synchronous Clear  ; 45    ;
; Number of registers using Synchronous Load   ; 8     ;
; Number of registers using Asynchronous Clear ; 0     ;
; Number of registers using Asynchronous Load  ; 0     ;
; Number of registers using Clock Enable       ; 1027  ;
; Number of registers using Preset             ; 0     ;
+----------------------------------------------+-------+


+----------------------------------------------------------------------------------------------------------------------------------------------------------+
; Multiplexer Restructuring Statistics (Restructuring Performed)                                                                                           ;
+--------------------+-----------+---------------+----------------------+------------------------+------------+--------------------------------------------+
; Multiplexer Inputs ; Bus Width ; Baseline Area ; Area if Restructured ; Saving if Restructured ; Registered ; Example Multiplexer Output                 ;
+--------------------+-----------+---------------+----------------------+------------------------+------------+--------------------------------------------+
; 3:1                ; 20 bits   ; 40 LEs        ; 20 LEs               ; 20 LEs                 ; Yes        ; |Exp03|LCD_Display:lcd|CLK_COUNT_400HZ[13] ;
; 4:1                ; 32 bits   ; 64 LEs        ; 32 LEs               ; 32 LEs                 ; Yes        ; |Exp03|Idecode:IDEC|reg_bank[31][10]       ;
; 4:1                ; 32 bits   ; 64 LEs        ; 32 LEs               ; 32 LEs                 ; Yes        ; |Exp03|Idecode:IDEC|reg_bank[30][12]       ;
; 4:1                ; 32 bits   ; 64 LEs        ; 32 LEs               ; 32 LEs                 ; Yes        ; |Exp03|Idecode:IDEC|reg_bank[29][22]       ;
; 4:1                ; 32 bits   ; 64 LEs        ; 32 LEs               ; 32 LEs                 ; Yes        ; |Exp03|Idecode:IDEC|reg_bank[28][7]        ;
; 4:1                ; 32 bits   ; 64 LEs        ; 32 LEs               ; 32 LEs                 ; Yes        ; |Exp03|Idecode:IDEC|reg_bank[27][23]       ;
; 4:1                ; 32 bits   ; 64 LEs        ; 32 LEs               ; 32 LEs                 ; Yes        ; |Exp03|Idecode:IDEC|reg_bank[26][25]       ;
; 4:1                ; 32 bits   ; 64 LEs        ; 32 LEs               ; 32 LEs                 ; Yes        ; |Exp03|Idecode:IDEC|reg_bank[25][29]       ;
; 4:1                ; 32 bits   ; 64 LEs        ; 32 LEs               ; 32 LEs                 ; Yes        ; |Exp03|Idecode:IDEC|reg_bank[24][31]       ;
; 4:1                ; 32 bits   ; 64 LEs        ; 32 LEs               ; 32 LEs                 ; Yes        ; |Exp03|Idecode:IDEC|reg_bank[23][6]        ;
; 4:1                ; 32 bits   ; 64 LEs        ; 32 LEs               ; 32 LEs                 ; Yes        ; |Exp03|Idecode:IDEC|reg_bank[22][5]        ;
; 4:1                ; 32 bits   ; 64 LEs        ; 32 LEs               ; 32 LEs                 ; Yes        ; |Exp03|Idecode:IDEC|reg_bank[21][10]       ;
; 4:1                ; 32 bits   ; 64 LEs        ; 32 LEs               ; 32 LEs                 ; Yes        ; |Exp03|Idecode:IDEC|reg_bank[20][29]       ;
; 4:1                ; 32 bits   ; 64 LEs        ; 32 LEs               ; 32 LEs                 ; Yes        ; |Exp03|Idecode:IDEC|reg_bank[19][4]        ;
; 4:1                ; 32 bits   ; 64 LEs        ; 32 LEs               ; 32 LEs                 ; Yes        ; |Exp03|Idecode:IDEC|reg_bank[18][24]       ;
; 4:1                ; 32 bits   ; 64 LEs        ; 32 LEs               ; 32 LEs                 ; Yes        ; |Exp03|Idecode:IDEC|reg_bank[17][17]       ;
; 4:1                ; 32 bits   ; 64 LEs        ; 32 LEs               ; 32 LEs                 ; Yes        ; |Exp03|Idecode:IDEC|reg_bank[16][7]        ;
; 4:1                ; 32 bits   ; 64 LEs        ; 32 LEs               ; 32 LEs                 ; Yes        ; |Exp03|Idecode:IDEC|reg_bank[15][5]        ;
; 4:1                ; 32 bits   ; 64 LEs        ; 32 LEs               ; 32 LEs                 ; Yes        ; |Exp03|Idecode:IDEC|reg_bank[14][3]        ;
; 4:1                ; 32 bits   ; 64 LEs        ; 32 LEs               ; 32 LEs                 ; Yes        ; |Exp03|Idecode:IDEC|reg_bank[13][18]       ;
; 4:1                ; 32 bits   ; 64 LEs        ; 32 LEs               ; 32 LEs                 ; Yes        ; |Exp03|Idecode:IDEC|reg_bank[12][17]       ;
; 4:1                ; 32 bits   ; 64 LEs        ; 32 LEs               ; 32 LEs                 ; Yes        ; |Exp03|Idecode:IDEC|reg_bank[11][23]       ;
; 4:1                ; 32 bits   ; 64 LEs        ; 32 LEs               ; 32 LEs                 ; Yes        ; |Exp03|Idecode:IDEC|reg_bank[10][3]        ;
; 4:1                ; 32 bits   ; 64 LEs        ; 32 LEs               ; 32 LEs                 ; Yes        ; |Exp03|Idecode:IDEC|reg_bank[9][27]        ;
; 4:1                ; 32 bits   ; 64 LEs        ; 32 LEs               ; 32 LEs                 ; Yes        ; |Exp03|Idecode:IDEC|reg_bank[8][10]        ;
; 4:1                ; 32 bits   ; 64 LEs        ; 32 LEs               ; 32 LEs                 ; Yes        ; |Exp03|Idecode:IDEC|reg_bank[7][7]         ;
; 4:1                ; 32 bits   ; 64 LEs        ; 32 LEs               ; 32 LEs                 ; Yes        ; |Exp03|Idecode:IDEC|reg_bank[6][26]        ;
; 4:1                ; 32 bits   ; 64 LEs        ; 32 LEs               ; 32 LEs                 ; Yes        ; |Exp03|Idecode:IDEC|reg_bank[5][26]        ;
; 4:1                ; 32 bits   ; 64 LEs        ; 32 LEs               ; 32 LEs                 ; Yes        ; |Exp03|Idecode:IDEC|reg_bank[4][23]        ;
; 4:1                ; 32 bits   ; 64 LEs        ; 32 LEs               ; 32 LEs                 ; Yes        ; |Exp03|Idecode:IDEC|reg_bank[3][13]        ;
; 4:1                ; 32 bits   ; 64 LEs        ; 32 LEs               ; 32 LEs                 ; Yes        ; |Exp03|Idecode:IDEC|reg_bank[2][13]        ;
; 4:1                ; 32 bits   ; 64 LEs        ; 32 LEs               ; 32 LEs                 ; Yes        ; |Exp03|Idecode:IDEC|reg_bank[1][24]        ;
; 4:1                ; 32 bits   ; 64 LEs        ; 32 LEs               ; 32 LEs                 ; Yes        ; |Exp03|Idecode:IDEC|reg_bank[0][31]        ;
; 7:1                ; 2 bits    ; 8 LEs         ; 8 LEs                ; 0 LEs                  ; Yes        ; |Exp03|LCD_Display:lcd|DATA_BUS_VALUE[4]   ;
; 3:1                ; 10 bits   ; 20 LEs        ; 20 LEs               ; 0 LEs                  ; No         ; |Exp03|LCD_Display:lcd|next_command        ;
; 4:1                ; 11 bits   ; 22 LEs        ; 22 LEs               ; 0 LEs                  ; No         ; |Exp03|LCD_Display:lcd|state               ;
; 4:1                ; 3 bits    ; 6 LEs         ; 3 LEs                ; 3 LEs                  ; No         ; |Exp03|LCD_Display:lcd|next_command        ;
; 32:1               ; 4 bits    ; 84 LEs        ; 56 LEs               ; 28 LEs                 ; No         ; |Exp03|LCD_Display:lcd|Mux5                ;
; 32:1               ; 32 bits   ; 672 LEs       ; 672 LEs              ; 0 LEs                  ; No         ; |Exp03|Idecode:IDEC|Mux34                  ;
; 32:1               ; 32 bits   ; 672 LEs       ; 672 LEs              ; 0 LEs                  ; No         ; |Exp03|Idecode:IDEC|Mux31                  ;
+--------------------+-----------+---------------+----------------------+------------------------+------------+--------------------------------------------+


+-----------------------------------------------------------------------------------------+
; Source assignments for Ifetch:IFT|altsyncram:data_memory|altsyncram_tin3:auto_generated ;
+---------------------------------+--------------------+------+---------------------------+
; Assignment                      ; Value              ; From ; To                        ;
+---------------------------------+--------------------+------+---------------------------+
; OPTIMIZE_POWER_DURING_SYNTHESIS ; NORMAL_COMPILATION ; -    ; -                         ;
+---------------------------------+--------------------+------+---------------------------+


+-------------------------------------------------------------------------------------------+
; Source assignments for dmemory:DMEM|altsyncram:data_memory|altsyncram_gmp3:auto_generated ;
+---------------------------------+--------------------+------+-----------------------------+
; Assignment                      ; Value              ; From ; To                          ;
+---------------------------------+--------------------+------+-----------------------------+
; OPTIMIZE_POWER_DURING_SYNTHESIS ; NORMAL_COMPILATION ; -    ; -                           ;
+---------------------------------+--------------------+------+-----------------------------+


+--------------------------------------------------------------+
; Parameter Settings for User Entity Instance: LCD_Display:lcd ;
+----------------+-------+-------------------------------------+
; Parameter Name ; Value ; Type                                ;
+----------------+-------+-------------------------------------+
; numhexdig      ; 11    ; Signed Integer                      ;
+----------------+-------+-------------------------------------+
Note: In order to hide this table in the UI and the text report file, please set the "Show Parameter Settings in Synthesis Report" option in "Analysis and Synthesis Settings -> More Settings" to "Off".


+--------------------------------------------------------------------------------+
; Parameter Settings for User Entity Instance: Ifetch:IFT|altsyncram:data_memory ;
+------------------------------------+----------------------+--------------------+
; Parameter Name                     ; Value                ; Type               ;
+------------------------------------+----------------------+--------------------+
; BYTE_SIZE_BLOCK                    ; 8                    ; Untyped            ;
; AUTO_CARRY_CHAINS                  ; ON                   ; AUTO_CARRY         ;
; IGNORE_CARRY_BUFFERS               ; OFF                  ; IGNORE_CARRY       ;
; AUTO_CASCADE_CHAINS                ; ON                   ; AUTO_CASCADE       ;
; IGNORE_CASCADE_BUFFERS             ; OFF                  ; IGNORE_CASCADE     ;
; WIDTH_BYTEENA                      ; 1                    ; Untyped            ;
; OPERATION_MODE                     ; ROM                  ; Untyped            ;
; WIDTH_A                            ; 32                   ; Signed Integer     ;
; WIDTHAD_A                          ; 8                    ; Signed Integer     ;
; NUMWORDS_A                         ; 0                    ; Signed Integer     ;
; OUTDATA_REG_A                      ; UNREGISTERED         ; Untyped            ;
; ADDRESS_ACLR_A                     ; NONE                 ; Untyped            ;
; OUTDATA_ACLR_A                     ; NONE                 ; Untyped            ;
; WRCONTROL_ACLR_A                   ; NONE                 ; Untyped            ;
; INDATA_ACLR_A                      ; NONE                 ; Untyped            ;
; BYTEENA_ACLR_A                     ; NONE                 ; Untyped            ;
; WIDTH_B                            ; 1                    ; Signed Integer     ;
; WIDTHAD_B                          ; 1                    ; Signed Integer     ;
; NUMWORDS_B                         ; 0                    ; Signed Integer     ;
; INDATA_REG_B                       ; CLOCK1               ; Untyped            ;
; WRCONTROL_WRADDRESS_REG_B          ; CLOCK1               ; Untyped            ;
; RDCONTROL_REG_B                    ; CLOCK1               ; Untyped            ;
; ADDRESS_REG_B                      ; CLOCK1               ; Untyped            ;
; OUTDATA_REG_B                      ; UNREGISTERED         ; Untyped            ;
; BYTEENA_REG_B                      ; CLOCK1               ; Untyped            ;
; INDATA_ACLR_B                      ; NONE                 ; Untyped            ;
; WRCONTROL_ACLR_B                   ; NONE                 ; Untyped            ;
; ADDRESS_ACLR_B                     ; NONE                 ; Untyped            ;
; OUTDATA_ACLR_B                     ; NONE                 ; Untyped            ;
; RDCONTROL_ACLR_B                   ; NONE                 ; Untyped            ;
; BYTEENA_ACLR_B                     ; NONE                 ; Untyped            ;
; WIDTH_BYTEENA_A                    ; 1                    ; Signed Integer     ;
; WIDTH_BYTEENA_B                    ; 1                    ; Signed Integer     ;
; RAM_BLOCK_TYPE                     ; AUTO                 ; Untyped            ;
; BYTE_SIZE                          ; 8                    ; Signed Integer     ;
; READ_DURING_WRITE_MODE_MIXED_PORTS ; DONT_CARE            ; Untyped            ;
; READ_DURING_WRITE_MODE_PORT_A      ; NEW_DATA_NO_NBE_READ ; Untyped            ;
; READ_DURING_WRITE_MODE_PORT_B      ; NEW_DATA_NO_NBE_READ ; Untyped            ;
; INIT_FILE                          ; program.mif          ; Untyped            ;
; INIT_FILE_LAYOUT                   ; PORT_A               ; Untyped            ;
; MAXIMUM_DEPTH                      ; 0                    ; Signed Integer     ;
; CLOCK_ENABLE_INPUT_A               ; NORMAL               ; Untyped            ;
; CLOCK_ENABLE_INPUT_B               ; NORMAL               ; Untyped            ;
; CLOCK_ENABLE_OUTPUT_A              ; NORMAL               ; Untyped            ;
; CLOCK_ENABLE_OUTPUT_B              ; NORMAL               ; Untyped            ;
; CLOCK_ENABLE_CORE_A                ; USE_INPUT_CLKEN      ; Untyped            ;
; CLOCK_ENABLE_CORE_B                ; USE_INPUT_CLKEN      ; Untyped            ;
; ENABLE_ECC                         ; FALSE                ; Untyped            ;
; ECC_PIPELINE_STAGE_ENABLED         ; FALSE                ; Untyped            ;
; WIDTH_ECCSTATUS                    ; 3                    ; Signed Integer     ;
; DEVICE_FAMILY                      ; Cyclone II           ; Untyped            ;
; CBXI_PARAMETER                     ; altsyncram_tin3      ; Untyped            ;
+------------------------------------+----------------------+--------------------+
Note: In order to hide this table in the UI and the text report file, please set the "Show Parameter Settings in Synthesis Report" option in "Analysis and Synthesis Settings -> More Settings" to "Off".


+----------------------------------------------------------------------------------+
; Parameter Settings for User Entity Instance: dmemory:DMEM|altsyncram:data_memory ;
+------------------------------------+----------------------+----------------------+
; Parameter Name                     ; Value                ; Type                 ;
+------------------------------------+----------------------+----------------------+
; BYTE_SIZE_BLOCK                    ; 8                    ; Untyped              ;
; AUTO_CARRY_CHAINS                  ; ON                   ; AUTO_CARRY           ;
; IGNORE_CARRY_BUFFERS               ; OFF                  ; IGNORE_CARRY         ;
; AUTO_CASCADE_CHAINS                ; ON                   ; AUTO_CASCADE         ;
; IGNORE_CASCADE_BUFFERS             ; OFF                  ; IGNORE_CASCADE       ;
; WIDTH_BYTEENA                      ; 1                    ; Untyped              ;
; OPERATION_MODE                     ; SINGLE_PORT          ; Untyped              ;
; WIDTH_A                            ; 32                   ; Signed Integer       ;
; WIDTHAD_A                          ; 8                    ; Signed Integer       ;
; NUMWORDS_A                         ; 0                    ; Signed Integer       ;
; OUTDATA_REG_A                      ; UNREGISTERED         ; Untyped              ;
; ADDRESS_ACLR_A                     ; NONE                 ; Untyped              ;
; OUTDATA_ACLR_A                     ; NONE                 ; Untyped              ;
; WRCONTROL_ACLR_A                   ; NONE                 ; Untyped              ;
; INDATA_ACLR_A                      ; NONE                 ; Untyped              ;
; BYTEENA_ACLR_A                     ; NONE                 ; Untyped              ;
; WIDTH_B                            ; 1                    ; Signed Integer       ;
; WIDTHAD_B                          ; 1                    ; Signed Integer       ;
; NUMWORDS_B                         ; 0                    ; Signed Integer       ;
; INDATA_REG_B                       ; CLOCK1               ; Untyped              ;
; WRCONTROL_WRADDRESS_REG_B          ; CLOCK1               ; Untyped              ;
; RDCONTROL_REG_B                    ; CLOCK1               ; Untyped              ;
; ADDRESS_REG_B                      ; CLOCK1               ; Untyped              ;
; OUTDATA_REG_B                      ; UNREGISTERED         ; Untyped              ;
; BYTEENA_REG_B                      ; CLOCK1               ; Untyped              ;
; INDATA_ACLR_B                      ; NONE                 ; Untyped              ;
; WRCONTROL_ACLR_B                   ; NONE                 ; Untyped              ;
; ADDRESS_ACLR_B                     ; NONE                 ; Untyped              ;
; OUTDATA_ACLR_B                     ; NONE                 ; Untyped              ;
; RDCONTROL_ACLR_B                   ; NONE                 ; Untyped              ;
; BYTEENA_ACLR_B                     ; NONE                 ; Untyped              ;
; WIDTH_BYTEENA_A                    ; 1                    ; Signed Integer       ;
; WIDTH_BYTEENA_B                    ; 1                    ; Signed Integer       ;
; RAM_BLOCK_TYPE                     ; AUTO                 ; Untyped              ;
; BYTE_SIZE                          ; 8                    ; Signed Integer       ;
; READ_DURING_WRITE_MODE_MIXED_PORTS ; DONT_CARE            ; Untyped              ;
; READ_DURING_WRITE_MODE_PORT_A      ; NEW_DATA_NO_NBE_READ ; Untyped              ;
; READ_DURING_WRITE_MODE_PORT_B      ; NEW_DATA_NO_NBE_READ ; Untyped              ;
; INIT_FILE                          ; dmemory.mif          ; Untyped              ;
; INIT_FILE_LAYOUT                   ; PORT_A               ; Untyped              ;
; MAXIMUM_DEPTH                      ; 0                    ; Signed Integer       ;
; CLOCK_ENABLE_INPUT_A               ; NORMAL               ; Untyped              ;
; CLOCK_ENABLE_INPUT_B               ; NORMAL               ; Untyped              ;
; CLOCK_ENABLE_OUTPUT_A              ; NORMAL               ; Untyped              ;
; CLOCK_ENABLE_OUTPUT_B              ; NORMAL               ; Untyped              ;
; CLOCK_ENABLE_CORE_A                ; USE_INPUT_CLKEN      ; Untyped              ;
; CLOCK_ENABLE_CORE_B                ; USE_INPUT_CLKEN      ; Untyped              ;
; ENABLE_ECC                         ; FALSE                ; Untyped              ;
; ECC_PIPELINE_STAGE_ENABLED         ; FALSE                ; Untyped              ;
; WIDTH_ECCSTATUS                    ; 3                    ; Signed Integer       ;
; DEVICE_FAMILY                      ; Cyclone II           ; Untyped              ;
; CBXI_PARAMETER                     ; altsyncram_gmp3      ; Untyped              ;
+------------------------------------+----------------------+----------------------+
Note: In order to hide this table in the UI and the text report file, please set the "Show Parameter Settings in Synthesis Report" option in "Analysis and Synthesis Settings -> More Settings" to "Off".


+---------------------------------------------------------------------------------+
; altsyncram Parameter Settings by Entity Instance                                ;
+-------------------------------------------+-------------------------------------+
; Name                                      ; Value                               ;
+-------------------------------------------+-------------------------------------+
; Number of entity instances                ; 2                                   ;
; Entity Instance                           ; Ifetch:IFT|altsyncram:data_memory   ;
;     -- OPERATION_MODE                     ; ROM                                 ;
;     -- WIDTH_A                            ; 32                                  ;
;     -- NUMWORDS_A                         ; 0                                   ;
;     -- OUTDATA_REG_A                      ; UNREGISTERED                        ;
;     -- WIDTH_B                            ; 1                                   ;
;     -- NUMWORDS_B                         ; 0                                   ;
;     -- ADDRESS_REG_B                      ; CLOCK1                              ;
;     -- OUTDATA_REG_B                      ; UNREGISTERED                        ;
;     -- RAM_BLOCK_TYPE                     ; AUTO                                ;
;     -- READ_DURING_WRITE_MODE_MIXED_PORTS ; DONT_CARE                           ;
; Entity Instance                           ; dmemory:DMEM|altsyncram:data_memory ;
;     -- OPERATION_MODE                     ; SINGLE_PORT                         ;
;     -- WIDTH_A                            ; 32                                  ;
;     -- NUMWORDS_A                         ; 0                                   ;
;     -- OUTDATA_REG_A                      ; UNREGISTERED                        ;
;     -- WIDTH_B                            ; 1                                   ;
;     -- NUMWORDS_B                         ; 0                                   ;
;     -- ADDRESS_REG_B                      ; CLOCK1                              ;
;     -- OUTDATA_REG_B                      ; UNREGISTERED                        ;
;     -- RAM_BLOCK_TYPE                     ; AUTO                                ;
;     -- READ_DURING_WRITE_MODE_MIXED_PORTS ; DONT_CARE                           ;
+-------------------------------------------+-------------------------------------+


+----------------------------------------------------------+
; Port Connectivity Checks: "LCD_Display:lcd"              ;
+------------------------+-------+----------+--------------+
; Port                   ; Type  ; Severity ; Details      ;
+------------------------+-------+----------+--------------+
; hexdisplaydata[43..40] ; Input ; Info     ; Stuck at GND ;
+------------------------+-------+----------+--------------+


+-------------------------------+
; Elapsed Time Per Partition    ;
+----------------+--------------+
; Partition Name ; Elapsed Time ;
+----------------+--------------+
; Top            ; 00:00:08     ;
+----------------+--------------+


+-------------------------------+
; Analysis & Synthesis Messages ;
+-------------------------------+
Info: *******************************************************************
Info: Running Quartus II 32-bit Analysis & Synthesis
    Info: Version 12.1 Build 177 11/07/2012 SJ Web Edition
    Info: Processing started: Wed May 03 19:58:52 2017
Info: Command: quartus_map --read_settings_files=on --write_settings_files=off Exp02 -c Exp02
Warning (20028): Parallel compilation is not licensed and has been disabled
Info (12021): Found 2 design units, including 1 entities, in source file dmemory.vhd
    Info (12022): Found design unit 1: dmemory-behavior
    Info (12023): Found entity 1: dmemory
Info (12021): Found 2 design units, including 1 entities, in source file lcd_display.vhd
    Info (12022): Found design unit 1: LCD_Display-a
    Info (12023): Found entity 1: LCD_Display
Info (12021): Found 2 design units, including 1 entities, in source file ifetch.vhd
    Info (12022): Found design unit 1: Ifetch-behavior
    Info (12023): Found entity 1: Ifetch
Info (12021): Found 2 design units, including 1 entities, in source file idecode.vhd
    Info (12022): Found design unit 1: Idecode-behavior
    Info (12023): Found entity 1: Idecode
Info (12021): Found 2 design units, including 1 entities, in source file control.vhd
    Info (12022): Found design unit 1: control-behavior
    Info (12023): Found entity 1: control
Info (12021): Found 2 design units, including 1 entities, in source file execute.vhd
    Info (12022): Found design unit 1: Execute-behavior
    Info (12023): Found entity 1: Execute
Info (12021): Found 2 design units, including 1 entities, in source file exp03.vhd
    Info (12022): Found design unit 1: Exp03-exec
    Info (12023): Found entity 1: Exp03
Info (12127): Elaborating entity "Exp03" for the top level hierarchy
Warning (10541): VHDL Signal Declaration warning at Exp03.vhd(81): used implicit default value for signal "chaveDis" because signal was never assigned a value or an explicit default value. Use of implicit default value may introduce unintended design optimizations.
Info (12128): Elaborating entity "LCD_Display" for hierarchy "LCD_Display:lcd"
Info (12128): Elaborating entity "Ifetch" for hierarchy "Ifetch:IFT"
Info (12128): Elaborating entity "altsyncram" for hierarchy "Ifetch:IFT|altsyncram:data_memory"
Info (12130): Elaborated megafunction instantiation "Ifetch:IFT|altsyncram:data_memory"
Info (12133): Instantiated megafunction "Ifetch:IFT|altsyncram:data_memory" with the following parameter:
    Info (12134): Parameter "address_aclr_a" = "UNUSED"
    Info (12134): Parameter "address_aclr_b" = "NONE"
    Info (12134): Parameter "address_reg_b" = "CLOCK1"
    Info (12134): Parameter "byte_size" = "8"
    Info (12134): Parameter "byteena_aclr_a" = "UNUSED"
    Info (12134): Parameter "byteena_aclr_b" = "NONE"
    Info (12134): Parameter "byteena_reg_b" = "CLOCK1"
    Info (12134): Parameter "clock_enable_core_a" = "USE_INPUT_CLKEN"
    Info (12134): Parameter "clock_enable_core_b" = "USE_INPUT_CLKEN"
    Info (12134): Parameter "clock_enable_input_a" = "NORMAL"
    Info (12134): Parameter "clock_enable_input_b" = "NORMAL"
    Info (12134): Parameter "clock_enable_output_a" = "NORMAL"
    Info (12134): Parameter "clock_enable_output_b" = "NORMAL"
    Info (12134): Parameter "intended_device_family" = "Cyclone"
    Info (12134): Parameter "ecc_pipeline_stage_enabled" = "FALSE"
    Info (12134): Parameter "enable_ecc" = "FALSE"
    Info (12134): Parameter "implement_in_les" = "OFF"
    Info (12134): Parameter "indata_aclr_a" = "UNUSED"
    Info (12134): Parameter "indata_aclr_b" = "NONE"
    Info (12134): Parameter "indata_reg_b" = "CLOCK1"
    Info (12134): Parameter "init_file" = "program.mif"
    Info (12134): Parameter "init_file_layout" = "PORT_A"
    Info (12134): Parameter "maximum_depth" = "0"
    Info (12134): Parameter "numwords_a" = "0"
    Info (12134): Parameter "numwords_b" = "0"
    Info (12134): Parameter "operation_mode" = "ROM"
    Info (12134): Parameter "outdata_aclr_a" = "NONE"
    Info (12134): Parameter "outdata_aclr_b" = "NONE"
    Info (12134): Parameter "outdata_reg_a" = "UNREGISTERED"
    Info (12134): Parameter "outdata_reg_b" = "UNREGISTERED"
    Info (12134): Parameter "power_up_uninitialized" = "FALSE"
    Info (12134): Parameter "ram_block_type" = "AUTO"
    Info (12134): Parameter "rdcontrol_aclr_b" = "NONE"
    Info (12134): Parameter "rdcontrol_reg_b" = "CLOCK1"
    Info (12134): Parameter "read_during_write_mode_mixed_ports" = "DONT_CARE"
    Info (12134): Parameter "read_during_write_mode_port_a" = "NEW_DATA_NO_NBE_READ"
    Info (12134): Parameter "read_during_write_mode_port_b" = "NEW_DATA_NO_NBE_READ"
    Info (12134): Parameter "stratixiv_m144k_allow_dual_clocks" = "ON"
    Info (12134): Parameter "width_a" = "32"
    Info (12134): Parameter "width_b" = "1"
    Info (12134): Parameter "width_byteena_a" = "1"
    Info (12134): Parameter "width_byteena_b" = "1"
    Info (12134): Parameter "width_eccstatus" = "3"
    Info (12134): Parameter "widthad_a" = "8"
    Info (12134): Parameter "widthad_b" = "1"
    Info (12134): Parameter "wrcontrol_aclr_a" = "UNUSED"
    Info (12134): Parameter "wrcontrol_aclr_b" = "NONE"
    Info (12134): Parameter "wrcontrol_wraddress_reg_b" = "CLOCK1"
    Info (12134): Parameter "lpm_hint" = "UNUSED"
    Info (12134): Parameter "lpm_type" = "altsyncram"
Info (12021): Found 1 design units, including 1 entities, in source file db/altsyncram_tin3.tdf
    Info (12023): Found entity 1: altsyncram_tin3
Info (12128): Elaborating entity "altsyncram_tin3" for hierarchy "Ifetch:IFT|altsyncram:data_memory|altsyncram_tin3:auto_generated"
Info (12128): Elaborating entity "control" for hierarchy "control:CTR"
Warning (10620): VHDL warning at Control.VHD(27): comparison between unequal length operands always returns FALSE
Warning (10620): VHDL warning at Control.VHD(26): comparison between unequal length operands always returns FALSE
Warning (10620): VHDL warning at Control.VHD(25): comparison between unequal length operands always returns FALSE
Info (12128): Elaborating entity "Idecode" for hierarchy "Idecode:IDEC"
Info (12128): Elaborating entity "Execute" for hierarchy "Execute:EXE"
Info (12128): Elaborating entity "dmemory" for hierarchy "dmemory:DMEM"
Info (12128): Elaborating entity "altsyncram" for hierarchy "dmemory:DMEM|altsyncram:data_memory"
Info (12130): Elaborated megafunction instantiation "dmemory:DMEM|altsyncram:data_memory"
Info (12133): Instantiated megafunction "dmemory:DMEM|altsyncram:data_memory" with the following parameter:
    Info (12134): Parameter "address_aclr_a" = "UNUSED"
    Info (12134): Parameter "address_aclr_b" = "NONE"
    Info (12134): Parameter "address_reg_b" = "CLOCK1"
    Info (12134): Parameter "byte_size" = "8"
    Info (12134): Parameter "byteena_aclr_a" = "UNUSED"
    Info (12134): Parameter "byteena_aclr_b" = "NONE"
    Info (12134): Parameter "byteena_reg_b" = "CLOCK1"
    Info (12134): Parameter "clock_enable_core_a" = "USE_INPUT_CLKEN"
    Info (12134): Parameter "clock_enable_core_b" = "USE_INPUT_CLKEN"
    Info (12134): Parameter "clock_enable_input_a" = "NORMAL"
    Info (12134): Parameter "clock_enable_input_b" = "NORMAL"
    Info (12134): Parameter "clock_enable_output_a" = "NORMAL"
    Info (12134): Parameter "clock_enable_output_b" = "NORMAL"
    Info (12134): Parameter "intended_device_family" = "Cyclone"
    Info (12134): Parameter "ecc_pipeline_stage_enabled" = "FALSE"
    Info (12134): Parameter "enable_ecc" = "FALSE"
    Info (12134): Parameter "implement_in_les" = "OFF"
    Info (12134): Parameter "indata_aclr_a" = "UNUSED"
    Info (12134): Parameter "indata_aclr_b" = "NONE"
    Info (12134): Parameter "indata_reg_b" = "CLOCK1"
    Info (12134): Parameter "init_file" = "dmemory.mif"
    Info (12134): Parameter "init_file_layout" = "PORT_A"
    Info (12134): Parameter "maximum_depth" = "0"
    Info (12134): Parameter "numwords_a" = "0"
    Info (12134): Parameter "numwords_b" = "0"
    Info (12134): Parameter "operation_mode" = "SINGLE_PORT"
    Info (12134): Parameter "outdata_aclr_a" = "NONE"
    Info (12134): Parameter "outdata_aclr_b" = "NONE"
    Info (12134): Parameter "outdata_reg_a" = "UNREGISTERED"
    Info (12134): Parameter "outdata_reg_b" = "UNREGISTERED"
    Info (12134): Parameter "power_up_uninitialized" = "FALSE"
    Info (12134): Parameter "ram_block_type" = "AUTO"
    Info (12134): Parameter "rdcontrol_aclr_b" = "NONE"
    Info (12134): Parameter "rdcontrol_reg_b" = "CLOCK1"
    Info (12134): Parameter "read_during_write_mode_mixed_ports" = "DONT_CARE"
    Info (12134): Parameter "read_during_write_mode_port_a" = "NEW_DATA_NO_NBE_READ"
    Info (12134): Parameter "read_during_write_mode_port_b" = "NEW_DATA_NO_NBE_READ"
    Info (12134): Parameter "stratixiv_m144k_allow_dual_clocks" = "ON"
    Info (12134): Parameter "width_a" = "32"
    Info (12134): Parameter "width_b" = "1"
    Info (12134): Parameter "width_byteena_a" = "1"
    Info (12134): Parameter "width_byteena_b" = "1"
    Info (12134): Parameter "width_eccstatus" = "3"
    Info (12134): Parameter "widthad_a" = "8"
    Info (12134): Parameter "widthad_b" = "1"
    Info (12134): Parameter "wrcontrol_aclr_a" = "UNUSED"
    Info (12134): Parameter "wrcontrol_aclr_b" = "NONE"
    Info (12134): Parameter "wrcontrol_wraddress_reg_b" = "CLOCK1"
    Info (12134): Parameter "lpm_hint" = "UNUSED"
    Info (12134): Parameter "lpm_type" = "altsyncram"
Info (12021): Found 1 design units, including 1 entities, in source file db/altsyncram_gmp3.tdf
    Info (12023): Found entity 1: altsyncram_gmp3
Info (12128): Elaborating entity "altsyncram_gmp3" for hierarchy "dmemory:DMEM|altsyncram:data_memory|altsyncram_gmp3:auto_generated"
Warning (13024): Output pins are stuck at VCC or GND
    Warning (13410): Pin "LCD_ON" is stuck at VCC
Info (16010): Generating hard_block partition "hard_block:auto_generated_inst"
    Info (16011): Adding 0 node(s), including 0 DDIO, 0 PLL, 0 transceiver and 0 LCELL
Warning (21074): Design contains 1 input pin(s) that do not drive logic
    Warning (15610): No output dependent on input pin "InstrALU"
Info (21057): Implemented 2759 device resources after synthesis - the final resource count might be different
    Info (21058): Implemented 4 input pins
    Info (21059): Implemented 4 output pins
    Info (21060): Implemented 8 bidirectional pins
    Info (21061): Implemented 2679 logic cells
    Info (21064): Implemented 64 RAM segments
Info: Quartus II 32-bit Analysis & Synthesis was successful. 0 errors, 9 warnings
    Info: Peak virtual memory: 410 megabytes
    Info: Processing ended: Wed May 03 19:59:04 2017
    Info: Elapsed time: 00:00:12
    Info: Total CPU time (on all processors): 00:00:11


